// Jest Snapshot v1, https://goo.gl/fbAQLP

exports[`ProductsListCard render correctly 1`] = `
<b-card-stub
  bodytag="div"
  class="products-list-card"
  footertag="div"
  headertag="div"
  imgsrc="https://media.istockphoto.com/photos/stack-of-medical-student-textbooks-picture-id921644532?k=20&m=921644532&s=612x612&w=0&h=hezQpZ0uyUmbU4QJePKK5JPNWVXD_UWwWPYSg5Rspds="
  subtitletag="h6"
  subtitletextvariant="muted"
  tag="div"
  titletag="h4"
>
  <b-card-text-stub
    class="products-list-card__title mb-2"
    texttag="p"
  >
    
    Продукт 1
  
  </b-card-text-stub>
   
  <b-card-text-stub
    class="font-weight-bold mb-2"
    texttag="p"
  >
    
    101,00 ₽
  
  </b-card-text-stub>
   
  <b-card-text-stub
    class="products-list-card__description"
    texttag="p"
  >
    
    1 Полностью новые главы по биохимии и клеточной биолог...
  
  </b-card-text-stub>
   
  <b-button-group-stub
    ariarole="group"
    size="sm"
    tag="div"
  >
    <b-button-stub
      tag="button"
      target="_self"
      type="button"
      variant="outline-primary"
    >
      
      В корзину
    
    </b-button-stub>
     
    <b-button-stub
      tag="button"
      target="_self"
      type="button"
      variant="outline-secondary"
    >
      
      Подробнее
    
    </b-button-stub>
  </b-button-group-stub>
</b-card-stub>
`;
